This is pdfTeX, Version 3.14159265-2.6-1.40.16 (TeX Live 2015) (preloaded format=pdflatex 2016.5.13)  17 JUN 2018 11:50
entering extended mode
 restricted \write18 enabled.
 file:line:error style messages enabled.
 %&-line parsing enabled.
**grammaire1.def
(./grammaire1.def
LaTeX2e <2015/01/01>
Babel <3.9l> and hyphenation patterns for 79 languages loaded.

./grammaire1.def:1: LaTeX Error: Missing \begin{document}.

See the LaTeX manual or LaTeX Companion for explanation.
Type  H <return>  for immediate help.
 ...                                              
                                                  
l.1 !
     set title=D- Past tenses in a narrative
? 
./grammaire1.def:1: Emergency stop.
 ...                                              
                                                  
l.1 !
     set title=D- Past tenses in a narrative
You're in trouble here.  Try typing  <return>  to proceed.
If that doesn't work, type  X <return>  to quit.

 
Here is how much of TeX's memory you used:
 6 strings out of 493089
 272 string characters out of 6134842
 53199 words of memory out of 5000000
 3590 multiletter control sequences out of 15000+600000
 3640 words of font info for 14 fonts, out of 8000000 for 9000
 1141 hyphenation exceptions out of 8191
 5i,0n,4p,57b,14s stack positions out of 5000i,500n,10000p,200000b,80000s
./grammaire1.def:1:  ==> Fatal error occurred, no output PDF file produced!
