This is pdfTeX, Version 3.14159265-2.6-1.40.19 (TeX Live 2018) (preloaded format=pdflatex 2019.4.15)  20 JUN 2023 09:37
entering extended mode
 restricted \write18 enabled.
 file:line:error style messages enabled.
 %&-line parsing enabled.
**tree1.def
(./tree1.def
LaTeX2e <2018-04-01> patch level 2
Babel <3.18> and hyphenation patterns for 84 language(s) loaded.

./tree1.def:1: LaTeX Error: Missing \begin{document}.

See the LaTeX manual or LaTeX Companion for explanation.
Type  H <return>  for immediate help.
 ...                                              
                                                  
l.1 !
     set title=Arbre de probabilités
? 
./tree1.def:1: Emergency stop.
 ...                                              
                                                  
l.1 !
     set title=Arbre de probabilités
You're in trouble here.  Try typing  <return>  to proceed.
If that doesn't work, type  X <return>  to quit.

 
Here is how much of TeX's memory you used:
 6 strings out of 492649
 252 string characters out of 6129622
 56655 words of memory out of 5000000
 3988 multiletter control sequences out of 15000+600000
 3640 words of font info for 14 fonts, out of 8000000 for 9000
 1141 hyphenation exceptions out of 8191
 5i,0n,4p,44b,14s stack positions out of 5000i,500n,10000p,200000b,80000s
./tree1.def:1:  ==> Fatal error occurred, no output PDF file produced!
